{"timestamp":"2026-07-26 10:21:05", "level":"INFO", "logger":"org.hibernate.validator.internal.util.Version", "message":"HV000001: Hibernate Validator 9.1.0.Final"}
{"timestamp":"2026-07-26 10:21:05", "level":"INFO", "logger":"com.cinema.ticketbooking.TicketbookingApplication", "message":"Starting TicketbookingApplication using Java 25.0.1 with PID 19162 (/home/shrimp/code/CinemaTicketBooking/CinemaTicketBooking_Backend/ticketbooking/target/classes started by shrimp in /home/shrimp/code/CinemaTicketBooking/CinemaTicketBooking_Backend/ticketbooking)"}
{"timestamp":"2026-07-26 10:21:05", "level":"INFO", "logger":"com.cinema.ticketbooking.TicketbookingApplication", "message":"No active profile set, falling back to 1 default profile: "default""}
{"timestamp":"2026-07-26 10:21:05", "level":"INFO", "logger":"org.springframework.boot.devtools.env.DevToolsPropertyDefaultsPostProcessor", "message":"Devtools property defaults active! Set 'spring.devtools.add-properties' to 'false' to disable"}
{"timestamp":"2026-07-26 10:21:05", "level":"INFO", "logger":"org.springframework.boot.devtools.env.DevToolsPropertyDefaultsPostProcessor", "message":"For additional web related logging consider setting the 'logging.level.web' property to 'DEBUG'"}
{"timestamp":"2026-07-26 10:21:05", "level":"INFO", "logger":"org.springframework.boot.docker.compose.lifecycle.DockerComposeLifecycleManager", "message":"Using Docker Compose file /home/shrimp/code/CinemaTicketBooking/CinemaTicketBooking_Backend/ticketbooking/compose.yaml"}
{"timestamp":"2026-07-26 10:21:12", "level":"INFO", "logger":"org.springframework.boot.docker.compose.core.DockerCli", "message":" Container cinemadb Starting "}
{"timestamp":"2026-07-26 10:21:12", "level":"INFO", "logger":"org.springframework.boot.docker.compose.core.DockerCli", "message":" Container cinemadb Started "}
{"timestamp":"2026-07-26 10:21:12", "level":"INFO", "logger":"org.springframework.boot.docker.compose.core.DockerCli", "message":" Container cinemadb Waiting "}
{"timestamp":"2026-07-26 10:21:13", "level":"INFO", "logger":"org.springframework.boot.docker.compose.core.DockerCli", "message":" Container cinemadb Healthy "}
{"timestamp":"2026-07-26 10:21:15", "level":"INFO", "logger":"org.springframework.data.repository.config.RepositoryConfigurationDelegate", "message":"Bootstrapping Spring Data JPA repositories in DEFAULT mode."}
{"timestamp":"2026-07-26 10:21:15", "level":"INFO", "logger":"org.springframework.data.repository.config.RepositoryConfigurationDelegate", "message":"Finished Spring Data repository scanning in 48 ms. Found 19 JPA repository interfaces."}
{"timestamp":"2026-07-26 10:21:16", "level":"INFO", "logger":"org.springframework.boot.tomcat.TomcatWebServer", "message":"Tomcat initialized with port 8080 (http)"}
{"timestamp":"2026-07-26 10:21:16", "level":"INFO", "logger":"org.apache.coyote.http11.Http11NioProtocol", "message":"Initializing ProtocolHandler ["http-nio-8080"]"}
{"timestamp":"2026-07-26 10:21:16", "level":"INFO", "logger":"org.apache.catalina.core.StandardService", "message":"Starting service [Tomcat]"}
{"timestamp":"2026-07-26 10:21:16", "level":"INFO", "logger":"org.apache.catalina.core.StandardEngine", "message":"Starting Servlet engine: [Apache Tomcat/11.0.22]"}
{"timestamp":"2026-07-26 10:21:16", "level":"INFO", "logger":"org.springframework.boot.web.context.servlet.WebApplicationContextInitializer", "message":"Root WebApplicationContext: initialization completed in 1180 ms"}
{"timestamp":"2026-07-26 10:21:16", "level":"INFO", "logger":"org.hibernate.orm.jpa", "message":"HHH008540: Processing PersistenceUnitInfo [name: default]"}
{"timestamp":"2026-07-26 10:21:16", "level":"INFO", "logger":"org.hibernate.orm.core", "message":"HHH000001: Hibernate ORM core version 7.4.1.Final"}
{"timestamp":"2026-07-26 10:21:16", "level":"INFO", "logger":"org.springframework.orm.jpa.persistenceunit.SpringPersistenceUnitInfo", "message":"No LoadTimeWeaver setup: ignoring JPA class transformer"}
{"timestamp":"2026-07-26 10:21:16", "level":"INFO", "logger":"com.zaxxer.hikari.HikariDataSource", "message":"HikariPool-1 - Starting..."}
{"timestamp":"2026-07-26 10:21:17", "level":"INFO", "logger":"com.zaxxer.hikari.pool.HikariPool", "message":"HikariPool-1 - Added connection com.mysql.cj.jdbc.ConnectionImpl@4acb3c24"}
{"timestamp":"2026-07-26 10:21:17", "level":"INFO", "logger":"com.zaxxer.hikari.HikariDataSource", "message":"HikariPool-1 - Start completed."}
{"timestamp":"2026-07-26 10:21:17", "level":"INFO", "logger":"org.hibernate.orm.connections.pooling", "message":"HHH10001005: Database info:
	Database JDBC URL [jdbc:mysql://127.0.0.1:3306/cinema]
	Database driver: MySQL Connector/J
	Database dialect: MySQLDialect
	Database version: 9.7
	Default catalog/schema: cinema/undefined
	Autocommit mode: undefined/unknown
	Isolation level: REPEATABLE_READ [default REPEATABLE_READ]
	JDBC fetch size: none
	Pool: DataSourceConnectionProvider
	Minimum pool size: undefined/unknown
	Maximum pool size: undefined/unknown"}
{"timestamp":"2026-07-26 10:21:18", "level":"INFO", "logger":"org.hibernate.orm.core", "message":"HHH000489: No JTA platform available (set 'hibernate.transaction.jta.platform' to enable JTA platform integration)"}
{"timestamp":"2026-07-26 10:21:18", "level":"INFO", "logger":"org.springframework.orm.jpa.LocalContainerEntityManagerFactoryBean", "message":"Initialized JPA EntityManagerFactory for persistence unit 'default'"}
{"timestamp":"2026-07-26 10:21:18", "level":"INFO", "logger":"org.springframework.data.jpa.repository.query.QueryEnhancerFactories", "message":"Hibernate is in classpath; If applicable, HQL parser will be used."}
{"timestamp":"2026-07-26 10:21:19", "level":"WARN", "logger":"org.springframework.boot.jpa.autoconfigure.JpaBaseConfiguration$JpaWebConfiguration", "message":"spring.jpa.open-in-view is enabled by default. Therefore, database queries may be performed during view rendering. Explicitly configure spring.jpa.open-in-view to disable this warning"}
{"timestamp":"2026-07-26 10:21:19", "level":"INFO", "logger":"org.springframework.security.config.annotation.authentication.configuration.InitializeUserDetailsBeanManagerConfigurer$InitializeUserDetailsManagerConfigurer", "message":"Global AuthenticationManager configured with UserDetailsService bean with name customUserDetailsService"}
{"timestamp":"2026-07-26 10:21:20", "level":"WARN", "logger":"org.springframework.web.servlet.mvc.method.annotation.RequestMappingHandlerMapping", "message":"Multiple @RequestMapping annotations found on public org.springframework.http.ResponseEntity com.cinema.ticketbooking.booking.controller.PaymentMethodController.updatePaymentMethod(java.lang.Integer,com.cinema.ticketbooking.dto.PaymentMethodDto), but only the first will be used: [@org.springframework.web.bind.annotation.PatchMapping(consumes={}, headers={}, name="", params={}, path={"/{id}"}, produces={}, value={"/{id}"}, version=""), @org.springframework.web.bind.annotation.PutMapping(consumes={}, headers={}, name="", params={}, path={"/{id}"}, produces={}, value={"/{id}"}, version="")]"}
{"timestamp":"2026-07-26 10:21:20", "level":"WARN", "logger":"org.springframework.web.servlet.mvc.method.annotation.RequestMappingHandlerMapping", "message":"Multiple @RequestMapping annotations found on public org.springframework.http.ResponseEntity com.cinema.ticketbooking.booking.controller.ShowtimeController.updateShowtime(java.lang.Integer,com.cinema.ticketbooking.dto.requestDto.ShowtimeRequestDto), but only the first will be used: [@org.springframework.web.bind.annotation.PatchMapping(consumes={}, headers={}, name="", params={}, path={"/{id}"}, produces={}, value={"/{id}"}, version=""), @org.springframework.web.bind.annotation.PutMapping(consumes={}, headers={}, name="", params={}, path={"/{id}"}, produces={}, value={"/{id}"}, version="")]"}
{"timestamp":"2026-07-26 10:21:20", "level":"WARN", "logger":"org.springframework.web.servlet.mvc.method.annotation.RequestMappingHandlerMapping", "message":"Multiple @RequestMapping annotations found on public org.springframework.http.ResponseEntity com.cinema.ticketbooking.hall.controller.HallController.updateHall(java.lang.Integer,com.cinema.ticketbooking.dto.requestDto.HallRequestDto), but only the first will be used: [@org.springframework.web.bind.annotation.PatchMapping(consumes={}, headers={}, name="", params={}, path={"/{id}"}, produces={}, value={"/{id}"}, version=""), @org.springframework.web.bind.annotation.PutMapping(consumes={}, headers={}, name="", params={}, path={"/{id}"}, produces={}, value={"/{id}"}, version="")]"}
{"timestamp":"2026-07-26 10:21:20", "level":"WARN", "logger":"org.springframework.web.servlet.mvc.method.annotation.RequestMappingHandlerMapping", "message":"Multiple @RequestMapping annotations found on public org.springframework.http.ResponseEntity com.cinema.ticketbooking.hall.controller.SeatTypeController.updateSeatType(java.lang.Integer,com.cinema.ticketbooking.dto.SeatTypeDto), but only the first will be used: [@org.springframework.web.bind.annotation.PatchMapping(consumes={}, headers={}, name="", params={}, path={"/{id}"}, produces={}, value={"/{id}"}, version=""), @org.springframework.web.bind.annotation.PutMapping(consumes={}, headers={}, name="", params={}, path={"/{id}"}, produces={}, value={"/{id}"}, version="")]"}
{"timestamp":"2026-07-26 10:21:20", "level":"WARN", "logger":"org.springframework.web.servlet.mvc.method.annotation.RequestMappingHandlerMapping", "message":"Multiple @RequestMapping annotations found on public org.springframework.http.ResponseEntity com.cinema.ticketbooking.movie.controller.GenreController.updateGenre(java.lang.Long,com.cinema.ticketbooking.dto.GenreDto), but only the first will be used: [@org.springframework.web.bind.annotation.PatchMapping(consumes={}, headers={}, name="", params={}, path={"/{id}"}, produces={}, value={"/{id}"}, version=""), @org.springframework.web.bind.annotation.PutMapping(consumes={}, headers={}, name="", params={}, path={"/{id}"}, produces={}, value={"/{id}"}, version="")]"}
{"timestamp":"2026-07-26 10:21:20", "level":"WARN", "logger":"org.springframework.web.servlet.mvc.method.annotation.RequestMappingHandlerMapping", "message":"Multiple @RequestMapping annotations found on public org.springframework.http.ResponseEntity com.cinema.ticketbooking.movie.controller.MovieController.updateMovie(java.lang.Integer,com.cinema.ticketbooking.dto.MovieDto), but only the first will be used: [@org.springframework.web.bind.annotation.PatchMapping(consumes={}, headers={}, name="", params={}, path={"/{id}"}, produces={}, value={"/{id}"}, version=""), @org.springframework.web.bind.annotation.PutMapping(consumes={}, headers={}, name="", params={}, path={"/{id}"}, produces={}, value={"/{id}"}, version="")]"}
{"timestamp":"2026-07-26 10:21:20", "level":"INFO", "logger":"org.springframework.messaging.simp.broker.SimpleBrokerMessageHandler", "message":"Starting..."}
{"timestamp":"2026-07-26 10:21:20", "level":"INFO", "logger":"org.springframework.messaging.simp.broker.SimpleBrokerMessageHandler", "message":"BrokerAvailabilityEvent[available=true, SimpleBrokerMessageHandler [org.springframework.messaging.simp.broker.DefaultSubscriptionRegistry@363083f4]]"}
{"timestamp":"2026-07-26 10:21:20", "level":"INFO", "logger":"org.springframework.messaging.simp.broker.SimpleBrokerMessageHandler", "message":"Started."}
{"timestamp":"2026-07-26 10:21:20", "level":"INFO", "logger":"org.apache.coyote.http11.Http11NioProtocol", "message":"Starting ProtocolHandler ["http-nio-8080"]"}
{"timestamp":"2026-07-26 10:21:20", "level":"INFO", "logger":"org.springframework.boot.tomcat.TomcatWebServer", "message":"Tomcat started on port 8080 (http) with context path '/'"}
{"timestamp":"2026-07-26 10:21:20", "level":"INFO", "logger":"com.cinema.ticketbooking.TicketbookingApplication", "message":"Started TicketbookingApplication in 15.298 seconds (process running for 16.502)"}
{"timestamp":"2026-07-26 10:21:20", "level":"WARN", "logger":"org.springdoc.core.events.SpringDocAppInitializer", "message":"SpringDoc /v3/api-docs endpoint is enabled by default. To disable it in production, set the property 'springdoc.api-docs.enabled=false'"}
{"timestamp":"2026-07-26 10:21:20", "level":"WARN", "logger":"org.springdoc.core.events.SpringDocAppInitializer", "message":"SpringDoc /swagger-ui.html endpoint is enabled by default. To disable it in production, set the property 'springdoc.swagger-ui.enabled=false'"}
{"timestamp":"2026-07-26 10:22:20", "level":"INFO", "logger":"org.springframework.web.socket.config.WebSocketMessageBrokerStats", "message":"WebSocketSession[0 current WS(0)-HttpStream(0)-HttpPoll(0), 0 total, 0 closed abnormally (0 connect failure, 0 send limit, 0 transport error)], stompSubProtocol[processed CONNECT(0)-CONNECTED(0)-DISCONNECT(0)], stompBrokerRelay[null], inboundChannel[pool size = 0, active threads = 0, queued tasks = 0, completed tasks = 0], outboundChannel[pool size = 0, active threads = 0, queued tasks = 0, completed tasks = 0], sockJsScheduler[pool size = 1, active threads = 1, queued tasks = 0, completed tasks = 0]"}
{"timestamp":"2026-07-26 10:24:33", "level":"INFO", "logger":"org.apache.catalina.core.ContainerBase.[Tomcat].[localhost].[/]", "message":"Initializing Spring DispatcherServlet 'dispatcherServlet'"}
{"timestamp":"2026-07-26 10:24:33", "level":"INFO", "logger":"org.springframework.web.servlet.DispatcherServlet", "message":"Initializing Servlet 'dispatcherServlet'"}
{"timestamp":"2026-07-26 10:24:33", "level":"INFO", "logger":"org.springframework.web.servlet.DispatcherServlet", "message":"Completed initialization in 1 ms"}
{"timestamp":"2026-07-26 10:24:33", "level":"WARN", "logger":"org.springframework.web.servlet.mvc.method.annotation.ExceptionHandlerExceptionResolver", "message":"Resolved [org.springframework.web.servlet.resource.NoResourceFoundException: No static resource api/events for request '/api/events'.]"}
{"timestamp":"2026-07-26 10:25:52", "level":"WARN", "logger":"org.springframework.web.servlet.mvc.method.annotation.ExceptionHandlerExceptionResolver", "message":"Resolved [org.springframework.web.servlet.resource.NoResourceFoundException: No static resource api/events for request '/api/events'.]"}
{"timestamp":"2026-07-26 10:26:03", "level":"INFO", "logger":"org.springframework.boot.devtools.autoconfigure.LocalDevToolsAutoConfiguration$RestartingClassPathChangeChangedEventListener", "message":"Restarting due to 1 class path change (0 additions, 0 deletions, 1 modification)"}
{"timestamp":"2026-07-26 10:26:03", "level":"INFO", "logger":"org.springframework.boot.tomcat.GracefulShutdown", "message":"Commencing graceful shutdown. Waiting for active requests to complete"}
{"timestamp":"2026-07-26 10:26:03", "level":"INFO", "logger":"org.apache.coyote.http11.Http11NioProtocol", "message":"Pausing ProtocolHandler ["http-nio-8080"]"}
{"timestamp":"2026-07-26 10:26:03", "level":"INFO", "logger":"org.springframework.boot.tomcat.GracefulShutdown", "message":"Graceful shutdown complete"}
{"timestamp":"2026-07-26 10:26:03", "level":"INFO", "logger":"org.apache.coyote.http11.Http11NioProtocol", "message":"Stopping ProtocolHandler ["http-nio-8080"]"}
{"timestamp":"2026-07-26 10:26:03", "level":"INFO", "logger":"org.springframework.messaging.simp.broker.SimpleBrokerMessageHandler", "message":"Stopping..."}
{"timestamp":"2026-07-26 10:26:03", "level":"INFO", "logger":"org.springframework.messaging.simp.broker.SimpleBrokerMessageHandler", "message":"BrokerAvailabilityEvent[available=false, SimpleBrokerMessageHandler [org.springframework.messaging.simp.broker.DefaultSubscriptionRegistry@363083f4]]"}
{"timestamp":"2026-07-26 10:26:03", "level":"INFO", "logger":"org.springframework.messaging.simp.broker.SimpleBrokerMessageHandler", "message":"Stopped."}
{"timestamp":"2026-07-26 10:26:03", "level":"INFO", "logger":"org.springframework.orm.jpa.LocalContainerEntityManagerFactoryBean", "message":"Closing JPA EntityManagerFactory for persistence unit 'default'"}
{"timestamp":"2026-07-26 10:26:03", "level":"INFO", "logger":"com.zaxxer.hikari.HikariDataSource", "message":"HikariPool-1 - Shutdown initiated..."}
{"timestamp":"2026-07-26 10:26:03", "level":"INFO", "logger":"com.zaxxer.hikari.HikariDataSource", "message":"HikariPool-1 - Shutdown completed."}
{"timestamp":"2026-07-26 10:26:03", "level":"INFO", "logger":"com.cinema.ticketbooking.TicketbookingApplication", "message":"Starting TicketbookingApplication using Java 25.0.1 with PID 19162 (/home/shrimp/code/CinemaTicketBooking/CinemaTicketBooking_Backend/ticketbooking/target/classes started by shrimp in /home/shrimp/code/CinemaTicketBooking/CinemaTicketBooking_Backend/ticketbooking)"}
{"timestamp":"2026-07-26 10:26:03", "level":"INFO", "logger":"com.cinema.ticketbooking.TicketbookingApplication", "message":"No active profile set, falling back to 1 default profile: "default""}
{"timestamp":"2026-07-26 10:26:03", "level":"INFO", "logger":"org.springframework.boot.docker.compose.lifecycle.DockerComposeLifecycleManager", "message":"Using Docker Compose file /home/shrimp/code/CinemaTicketBooking/CinemaTicketBooking_Backend/ticketbooking/compose.yaml"}
{"timestamp":"2026-07-26 10:26:03", "level":"INFO", "logger":"org.springframework.boot.docker.compose.lifecycle.DockerComposeLifecycleManager", "message":"There are already Docker Compose services running, skipping startup"}
{"timestamp":"2026-07-26 10:26:03", "level":"INFO", "logger":"org.springframework.data.repository.config.RepositoryConfigurationDelegate", "message":"Bootstrapping Spring Data JPA repositories in DEFAULT mode."}
{"timestamp":"2026-07-26 10:26:03", "level":"INFO", "logger":"org.springframework.data.repository.config.RepositoryConfigurationDelegate", "message":"Finished Spring Data repository scanning in 21 ms. Found 19 JPA repository interfaces."}
{"timestamp":"2026-07-26 10:26:03", "level":"INFO", "logger":"org.springframework.boot.tomcat.TomcatWebServer", "message":"Tomcat initialized with port 8080 (http)"}
{"timestamp":"2026-07-26 10:26:03", "level":"INFO", "logger":"org.apache.coyote.http11.Http11NioProtocol", "message":"Initializing ProtocolHandler ["http-nio-8080"]"}
{"timestamp":"2026-07-26 10:26:03", "level":"INFO", "logger":"org.apache.catalina.core.StandardService", "message":"Starting service [Tomcat]"}
{"timestamp":"2026-07-26 10:26:03", "level":"INFO", "logger":"org.apache.catalina.core.StandardEngine", "message":"Starting Servlet engine: [Apache Tomcat/11.0.22]"}
{"timestamp":"2026-07-26 10:26:03", "level":"INFO", "logger":"org.springframework.boot.web.context.servlet.WebApplicationContextInitializer", "message":"Root WebApplicationContext: initialization completed in 322 ms"}
{"timestamp":"2026-07-26 10:26:04", "level":"INFO", "logger":"org.hibernate.orm.jpa", "message":"HHH008540: Processing PersistenceUnitInfo [name: default]"}
{"timestamp":"2026-07-26 10:26:04", "level":"INFO", "logger":"org.springframework.orm.jpa.persistenceunit.SpringPersistenceUnitInfo", "message":"No LoadTimeWeaver setup: ignoring JPA class transformer"}
{"timestamp":"2026-07-26 10:26:04", "level":"INFO", "logger":"com.zaxxer.hikari.HikariDataSource", "message":"HikariPool-2 - Starting..."}
{"timestamp":"2026-07-26 10:26:04", "level":"INFO", "logger":"com.zaxxer.hikari.pool.HikariPool", "message":"HikariPool-2 - Added connection com.mysql.cj.jdbc.ConnectionImpl@2528d26c"}
{"timestamp":"2026-07-26 10:26:04", "level":"INFO", "logger":"com.zaxxer.hikari.HikariDataSource", "message":"HikariPool-2 - Start completed."}
{"timestamp":"2026-07-26 10:26:04", "level":"INFO", "logger":"org.hibernate.orm.connections.pooling", "message":"HHH10001005: Database info:
	Database JDBC URL [jdbc:mysql://127.0.0.1:3306/cinema]
	Database driver: MySQL Connector/J
	Database dialect: MySQLDialect
	Database version: 9.7
	Default catalog/schema: cinema/undefined
	Autocommit mode: undefined/unknown
	Isolation level: REPEATABLE_READ [default REPEATABLE_READ]
	JDBC fetch size: none
	Pool: DataSourceConnectionProvider
	Minimum pool size: undefined/unknown
	Maximum pool size: undefined/unknown"}
{"timestamp":"2026-07-26 10:26:04", "level":"INFO", "logger":"org.hibernate.orm.core", "message":"HHH000489: No JTA platform available (set 'hibernate.transaction.jta.platform' to enable JTA platform integration)"}
{"timestamp":"2026-07-26 10:26:04", "level":"INFO", "logger":"org.springframework.orm.jpa.LocalContainerEntityManagerFactoryBean", "message":"Initialized JPA EntityManagerFactory for persistence unit 'default'"}
{"timestamp":"2026-07-26 10:26:04", "level":"WARN", "logger":"org.springframework.boot.jpa.autoconfigure.JpaBaseConfiguration$JpaWebConfiguration", "message":"spring.jpa.open-in-view is enabled by default. Therefore, database queries may be performed during view rendering. Explicitly configure spring.jpa.open-in-view to disable this warning"}
{"timestamp":"2026-07-26 10:26:04", "level":"INFO", "logger":"org.springframework.security.config.annotation.authentication.configuration.InitializeUserDetailsBeanManagerConfigurer$InitializeUserDetailsManagerConfigurer", "message":"Global AuthenticationManager configured with UserDetailsService bean with name customUserDetailsService"}
{"timestamp":"2026-07-26 10:26:04", "level":"WARN", "logger":"org.springframework.web.servlet.mvc.method.annotation.RequestMappingHandlerMapping", "message":"Multiple @RequestMapping annotations found on public org.springframework.http.ResponseEntity com.cinema.ticketbooking.booking.controller.PaymentMethodController.updatePaymentMethod(java.lang.Integer,com.cinema.ticketbooking.dto.PaymentMethodDto), but only the first will be used: [@org.springframework.web.bind.annotation.PatchMapping(consumes={}, headers={}, name="", params={}, path={"/{id}"}, produces={}, value={"/{id}"}, version=""), @org.springframework.web.bind.annotation.PutMapping(consumes={}, headers={}, name="", params={}, path={"/{id}"}, produces={}, value={"/{id}"}, version="")]"}
{"timestamp":"2026-07-26 10:26:04", "level":"WARN", "logger":"org.springframework.web.servlet.mvc.method.annotation.RequestMappingHandlerMapping", "message":"Multiple @RequestMapping annotations found on public org.springframework.http.ResponseEntity com.cinema.ticketbooking.booking.controller.ShowtimeController.updateShowtime(java.lang.Integer,com.cinema.ticketbooking.dto.requestDto.ShowtimeRequestDto), but only the first will be used: [@org.springframework.web.bind.annotation.PatchMapping(consumes={}, headers={}, name="", params={}, path={"/{id}"}, produces={}, value={"/{id}"}, version=""), @org.springframework.web.bind.annotation.PutMapping(consumes={}, headers={}, name="", params={}, path={"/{id}"}, produces={}, value={"/{id}"}, version="")]"}
{"timestamp":"2026-07-26 10:26:04", "level":"WARN", "logger":"org.springframework.web.servlet.mvc.method.annotation.RequestMappingHandlerMapping", "message":"Multiple @RequestMapping annotations found on public org.springframework.http.ResponseEntity com.cinema.ticketbooking.hall.controller.HallController.updateHall(java.lang.Integer,com.cinema.ticketbooking.dto.requestDto.HallRequestDto), but only the first will be used: [@org.springframework.web.bind.annotation.PatchMapping(consumes={}, headers={}, name="", params={}, path={"/{id}"}, produces={}, value={"/{id}"}, version=""), @org.springframework.web.bind.annotation.PutMapping(consumes={}, headers={}, name="", params={}, path={"/{id}"}, produces={}, value={"/{id}"}, version="")]"}
{"timestamp":"2026-07-26 10:26:04", "level":"WARN", "logger":"org.springframework.web.servlet.mvc.method.annotation.RequestMappingHandlerMapping", "message":"Multiple @RequestMapping annotations found on public org.springframework.http.ResponseEntity com.cinema.ticketbooking.hall.controller.SeatTypeController.updateSeatType(java.lang.Integer,com.cinema.ticketbooking.dto.SeatTypeDto), but only the first will be used: [@org.springframework.web.bind.annotation.PatchMapping(consumes={}, headers={}, name="", params={}, path={"/{id}"}, produces={}, value={"/{id}"}, version=""), @org.springframework.web.bind.annotation.PutMapping(consumes={}, headers={}, name="", params={}, path={"/{id}"}, produces={}, value={"/{id}"}, version="")]"}
{"timestamp":"2026-07-26 10:26:04", "level":"WARN", "logger":"org.springframework.web.servlet.mvc.method.annotation.RequestMappingHandlerMapping", "message":"Multiple @RequestMapping annotations found on public org.springframework.http.ResponseEntity com.cinema.ticketbooking.movie.controller.GenreController.updateGenre(java.lang.Long,com.cinema.ticketbooking.dto.GenreDto), but only the first will be used: [@org.springframework.web.bind.annotation.PatchMapping(consumes={}, headers={}, name="", params={}, path={"/{id}"}, produces={}, value={"/{id}"}, version=""), @org.springframework.web.bind.annotation.PutMapping(consumes={}, headers={}, name="", params={}, path={"/{id}"}, produces={}, value={"/{id}"}, version="")]"}
{"timestamp":"2026-07-26 10:26:04", "level":"WARN", "logger":"org.springframework.web.servlet.mvc.method.annotation.RequestMappingHandlerMapping", "message":"Multiple @RequestMapping annotations found on public org.springframework.http.ResponseEntity com.cinema.ticketbooking.movie.controller.MovieController.updateMovie(java.lang.Integer,com.cinema.ticketbooking.dto.MovieDto), but only the first will be used: [@org.springframework.web.bind.annotation.PatchMapping(consumes={}, headers={}, name="", params={}, path={"/{id}"}, produces={}, value={"/{id}"}, version=""), @org.springframework.web.bind.annotation.PutMapping(consumes={}, headers={}, name="", params={}, path={"/{id}"}, produces={}, value={"/{id}"}, version="")]"}
{"timestamp":"2026-07-26 10:26:05", "level":"INFO", "logger":"org.springframework.messaging.simp.broker.SimpleBrokerMessageHandler", "message":"Starting..."}
{"timestamp":"2026-07-26 10:26:05", "level":"INFO", "logger":"org.springframework.messaging.simp.broker.SimpleBrokerMessageHandler", "message":"BrokerAvailabilityEvent[available=true, SimpleBrokerMessageHandler [org.springframework.messaging.simp.broker.DefaultSubscriptionRegistry@b721017]]"}
{"timestamp":"2026-07-26 10:26:05", "level":"INFO", "logger":"org.springframework.messaging.simp.broker.SimpleBrokerMessageHandler", "message":"Started."}
{"timestamp":"2026-07-26 10:26:05", "level":"INFO", "logger":"org.apache.coyote.http11.Http11NioProtocol", "message":"Starting ProtocolHandler ["http-nio-8080"]"}
{"timestamp":"2026-07-26 10:26:05", "level":"INFO", "logger":"org.springframework.boot.tomcat.TomcatWebServer", "message":"Tomcat started on port 8080 (http) with context path '/'"}
{"timestamp":"2026-07-26 10:26:05", "level":"INFO", "logger":"com.cinema.ticketbooking.TicketbookingApplication", "message":"Started TicketbookingApplication in 1.691 seconds (process running for 301.236)"}
{"timestamp":"2026-07-26 10:26:05", "level":"INFO", "logger":"org.springframework.boot.devtools.autoconfigure.ConditionEvaluationDeltaLoggingListener", "message":"Condition evaluation unchanged"}
{"timestamp":"2026-07-26 10:26:05", "level":"WARN", "logger":"org.springdoc.core.events.SpringDocAppInitializer", "message":"SpringDoc /v3/api-docs endpoint is enabled by default. To disable it in production, set the property 'springdoc.api-docs.enabled=false'"}
{"timestamp":"2026-07-26 10:26:05", "level":"WARN", "logger":"org.springdoc.core.events.SpringDocAppInitializer", "message":"SpringDoc /swagger-ui.html endpoint is enabled by default. To disable it in production, set the property 'springdoc.swagger-ui.enabled=false'"}
{"timestamp":"2026-07-26 10:26:06", "level":"INFO", "logger":"org.apache.catalina.core.ContainerBase.[Tomcat].[localhost].[/]", "message":"Initializing Spring DispatcherServlet 'dispatcherServlet'"}
{"timestamp":"2026-07-26 10:26:06", "level":"INFO", "logger":"org.springframework.web.servlet.DispatcherServlet", "message":"Initializing Servlet 'dispatcherServlet'"}
{"timestamp":"2026-07-26 10:26:06", "level":"INFO", "logger":"org.springframework.web.servlet.DispatcherServlet", "message":"Completed initialization in 1 ms"}
{"timestamp":"2026-07-26 10:27:05", "level":"INFO", "logger":"org.springframework.web.socket.config.WebSocketMessageBrokerStats", "message":"WebSocketSession[0 current WS(0)-HttpStream(0)-HttpPoll(0), 0 total, 0 closed abnormally (0 connect failure, 0 send limit, 0 transport error)], stompSubProtocol[processed CONNECT(0)-CONNECTED(0)-DISCONNECT(0)], stompBrokerRelay[null], inboundChannel[pool size = 0, active threads = 0, queued tasks = 0, completed tasks = 0], outboundChannel[pool size = 0, active threads = 0, queued tasks = 0, completed tasks = 0], sockJsScheduler[pool size = 1, active threads = 1, queued tasks = 0, completed tasks = 0]"}
{"timestamp":"2026-07-26 10:28:11", "level":"WARN", "logger":"org.springframework.web.servlet.mvc.method.annotation.ExceptionHandlerExceptionResolver", "message":"Resolved [org.springframework.web.HttpRequestMethodNotSupportedException: Request method 'POST' is not supported]"}
{"timestamp":"2026-07-26 10:28:52", "level":"INFO", "logger":"org.springframework.boot.devtools.autoconfigure.LocalDevToolsAutoConfiguration$RestartingClassPathChangeChangedEventListener", "message":"Restarting due to 1 class path change (0 additions, 0 deletions, 1 modification)"}
{"timestamp":"2026-07-26 10:28:52", "level":"INFO", "logger":"org.springframework.boot.tomcat.GracefulShutdown", "message":"Commencing graceful shutdown. Waiting for active requests to complete"}
{"timestamp":"2026-07-26 10:28:52", "level":"INFO", "logger":"org.apache.coyote.http11.Http11NioProtocol", "message":"Pausing ProtocolHandler ["http-nio-8080"]"}
{"timestamp":"2026-07-26 10:28:52", "level":"INFO", "logger":"org.springframework.boot.tomcat.GracefulShutdown", "message":"Graceful shutdown complete"}
{"timestamp":"2026-07-26 10:28:52", "level":"INFO", "logger":"org.apache.coyote.http11.Http11NioProtocol", "message":"Stopping ProtocolHandler ["http-nio-8080"]"}
{"timestamp":"2026-07-26 10:28:52", "level":"INFO", "logger":"org.springframework.messaging.simp.broker.SimpleBrokerMessageHandler", "message":"Stopping..."}
{"timestamp":"2026-07-26 10:28:52", "level":"INFO", "logger":"org.springframework.messaging.simp.broker.SimpleBrokerMessageHandler", "message":"BrokerAvailabilityEvent[available=false, SimpleBrokerMessageHandler [org.springframework.messaging.simp.broker.DefaultSubscriptionRegistry@b721017]]"}
{"timestamp":"2026-07-26 10:28:52", "level":"INFO", "logger":"org.springframework.messaging.simp.broker.SimpleBrokerMessageHandler", "message":"Stopped."}
{"timestamp":"2026-07-26 10:28:52", "level":"INFO", "logger":"org.springframework.orm.jpa.LocalContainerEntityManagerFactoryBean", "message":"Closing JPA EntityManagerFactory for persistence unit 'default'"}
{"timestamp":"2026-07-26 10:28:52", "level":"INFO", "logger":"com.zaxxer.hikari.HikariDataSource", "message":"HikariPool-2 - Shutdown initiated..."}
{"timestamp":"2026-07-26 10:28:52", "level":"INFO", "logger":"com.zaxxer.hikari.HikariDataSource", "message":"HikariPool-2 - Shutdown completed."}
{"timestamp":"2026-07-26 10:28:52", "level":"INFO", "logger":"com.cinema.ticketbooking.TicketbookingApplication", "message":"Starting TicketbookingApplication using Java 25.0.1 with PID 19162 (/home/shrimp/code/CinemaTicketBooking/CinemaTicketBooking_Backend/ticketbooking/target/classes started by shrimp in /home/shrimp/code/CinemaTicketBooking/CinemaTicketBooking_Backend/ticketbooking)"}
{"timestamp":"2026-07-26 10:28:52", "level":"INFO", "logger":"com.cinema.ticketbooking.TicketbookingApplication", "message":"No active profile set, falling back to 1 default profile: "default""}
{"timestamp":"2026-07-26 10:28:52", "level":"INFO", "logger":"org.springframework.boot.docker.compose.lifecycle.DockerComposeLifecycleManager", "message":"Using Docker Compose file /home/shrimp/code/CinemaTicketBooking/CinemaTicketBooking_Backend/ticketbooking/compose.yaml"}
{"timestamp":"2026-07-26 10:28:52", "level":"INFO", "logger":"org.springframework.boot.docker.compose.lifecycle.DockerComposeLifecycleManager", "message":"There are already Docker Compose services running, skipping startup"}
{"timestamp":"2026-07-26 10:28:52", "level":"INFO", "logger":"org.springframework.data.repository.config.RepositoryConfigurationDelegate", "message":"Bootstrapping Spring Data JPA repositories in DEFAULT mode."}
{"timestamp":"2026-07-26 10:28:52", "level":"INFO", "logger":"org.springframework.data.repository.config.RepositoryConfigurationDelegate", "message":"Finished Spring Data repository scanning in 24 ms. Found 19 JPA repository interfaces."}
{"timestamp":"2026-07-26 10:28:52", "level":"INFO", "logger":"org.springframework.boot.tomcat.TomcatWebServer", "message":"Tomcat initialized with port 8080 (http)"}
{"timestamp":"2026-07-26 10:28:52", "level":"INFO", "logger":"org.apache.coyote.http11.Http11NioProtocol", "message":"Initializing ProtocolHandler ["http-nio-8080"]"}
{"timestamp":"2026-07-26 10:28:52", "level":"INFO", "logger":"org.apache.catalina.core.StandardService", "message":"Starting service [Tomcat]"}
{"timestamp":"2026-07-26 10:28:52", "level":"INFO", "logger":"org.apache.catalina.core.StandardEngine", "message":"Starting Servlet engine: [Apache Tomcat/11.0.22]"}
{"timestamp":"2026-07-26 10:28:52", "level":"INFO", "logger":"org.springframework.boot.web.context.servlet.WebApplicationContextInitializer", "message":"Root WebApplicationContext: initialization completed in 319 ms"}
{"timestamp":"2026-07-26 10:28:52", "level":"INFO", "logger":"org.hibernate.orm.jpa", "message":"HHH008540: Processing PersistenceUnitInfo [name: default]"}
{"timestamp":"2026-07-26 10:28:52", "level":"INFO", "logger":"org.springframework.orm.jpa.persistenceunit.SpringPersistenceUnitInfo", "message":"No LoadTimeWeaver setup: ignoring JPA class transformer"}
{"timestamp":"2026-07-26 10:28:52", "level":"INFO", "logger":"com.zaxxer.hikari.HikariDataSource", "message":"HikariPool-3 - Starting..."}
{"timestamp":"2026-07-26 10:28:52", "level":"INFO", "logger":"com.zaxxer.hikari.pool.HikariPool", "message":"HikariPool-3 - Added connection com.mysql.cj.jdbc.ConnectionImpl@4226eaf2"}
{"timestamp":"2026-07-26 10:28:52", "level":"INFO", "logger":"com.zaxxer.hikari.HikariDataSource", "message":"HikariPool-3 - Start completed."}
{"timestamp":"2026-07-26 10:28:52", "level":"INFO", "logger":"org.hibernate.orm.connections.pooling", "message":"HHH10001005: Database info:
	Database JDBC URL [jdbc:mysql://127.0.0.1:3306/cinema]
	Database driver: MySQL Connector/J
	Database dialect: MySQLDialect
	Database version: 9.7
	Default catalog/schema: cinema/undefined
	Autocommit mode: undefined/unknown
	Isolation level: REPEATABLE_READ [default REPEATABLE_READ]
	JDBC fetch size: none
	Pool: DataSourceConnectionProvider
	Minimum pool size: undefined/unknown
	Maximum pool size: undefined/unknown"}
{"timestamp":"2026-07-26 10:28:53", "level":"INFO", "logger":"org.hibernate.orm.core", "message":"HHH000489: No JTA platform available (set 'hibernate.transaction.jta.platform' to enable JTA platform integration)"}
{"timestamp":"2026-07-26 10:28:53", "level":"INFO", "logger":"org.springframework.orm.jpa.LocalContainerEntityManagerFactoryBean", "message":"Initialized JPA EntityManagerFactory for persistence unit 'default'"}
{"timestamp":"2026-07-26 10:28:53", "level":"WARN", "logger":"org.springframework.boot.jpa.autoconfigure.JpaBaseConfiguration$JpaWebConfiguration", "message":"spring.jpa.open-in-view is enabled by default. Therefore, database queries may be performed during view rendering. Explicitly configure spring.jpa.open-in-view to disable this warning"}
{"timestamp":"2026-07-26 10:28:53", "level":"INFO", "logger":"org.springframework.security.config.annotation.authentication.configuration.InitializeUserDetailsBeanManagerConfigurer$InitializeUserDetailsManagerConfigurer", "message":"Global AuthenticationManager configured with UserDetailsService bean with name customUserDetailsService"}
{"timestamp":"2026-07-26 10:28:53", "level":"WARN", "logger":"org.springframework.web.servlet.mvc.method.annotation.RequestMappingHandlerMapping", "message":"Multiple @RequestMapping annotations found on public org.springframework.http.ResponseEntity com.cinema.ticketbooking.booking.controller.PaymentMethodController.updatePaymentMethod(java.lang.Integer,com.cinema.ticketbooking.dto.PaymentMethodDto), but only the first will be used: [@org.springframework.web.bind.annotation.PatchMapping(consumes={}, headers={}, name="", params={}, path={"/{id}"}, produces={}, value={"/{id}"}, version=""), @org.springframework.web.bind.annotation.PutMapping(consumes={}, headers={}, name="", params={}, path={"/{id}"}, produces={}, value={"/{id}"}, version="")]"}
{"timestamp":"2026-07-26 10:28:53", "level":"WARN", "logger":"org.springframework.web.servlet.mvc.method.annotation.RequestMappingHandlerMapping", "message":"Multiple @RequestMapping annotations found on public org.springframework.http.ResponseEntity com.cinema.ticketbooking.booking.controller.ShowtimeController.updateShowtime(java.lang.Integer,com.cinema.ticketbooking.dto.requestDto.ShowtimeRequestDto), but only the first will be used: [@org.springframework.web.bind.annotation.PatchMapping(consumes={}, headers={}, name="", params={}, path={"/{id}"}, produces={}, value={"/{id}"}, version=""), @org.springframework.web.bind.annotation.PutMapping(consumes={}, headers={}, name="", params={}, path={"/{id}"}, produces={}, value={"/{id}"}, version="")]"}
{"timestamp":"2026-07-26 10:28:53", "level":"WARN", "logger":"org.springframework.web.servlet.mvc.method.annotation.RequestMappingHandlerMapping", "message":"Multiple @RequestMapping annotations found on public org.springframework.http.ResponseEntity com.cinema.ticketbooking.hall.controller.HallController.updateHall(java.lang.Integer,com.cinema.ticketbooking.dto.requestDto.HallRequestDto), but only the first will be used: [@org.springframework.web.bind.annotation.PatchMapping(consumes={}, headers={}, name="", params={}, path={"/{id}"}, produces={}, value={"/{id}"}, version=""), @org.springframework.web.bind.annotation.PutMapping(consumes={}, headers={}, name="", params={}, path={"/{id}"}, produces={}, value={"/{id}"}, version="")]"}
{"timestamp":"2026-07-26 10:28:53", "level":"WARN", "logger":"org.springframework.web.servlet.mvc.method.annotation.RequestMappingHandlerMapping", "message":"Multiple @RequestMapping annotations found on public org.springframework.http.ResponseEntity com.cinema.ticketbooking.hall.controller.SeatTypeController.updateSeatType(java.lang.Integer,com.cinema.ticketbooking.dto.SeatTypeDto), but only the first will be used: [@org.springframework.web.bind.annotation.PatchMapping(consumes={}, headers={}, name="", params={}, path={"/{id}"}, produces={}, value={"/{id}"}, version=""), @org.springframework.web.bind.annotation.PutMapping(consumes={}, headers={}, name="", params={}, path={"/{id}"}, produces={}, value={"/{id}"}, version="")]"}
{"timestamp":"2026-07-26 10:28:53", "level":"WARN", "logger":"org.springframework.web.servlet.mvc.method.annotation.RequestMappingHandlerMapping", "message":"Multiple @RequestMapping annotations found on public org.springframework.http.ResponseEntity com.cinema.ticketbooking.movie.controller.GenreController.updateGenre(java.lang.Long,com.cinema.ticketbooking.dto.GenreDto), but only the first will be used: [@org.springframework.web.bind.annotation.PatchMapping(consumes={}, headers={}, name="", params={}, path={"/{id}"}, produces={}, value={"/{id}"}, version=""), @org.springframework.web.bind.annotation.PutMapping(consumes={}, headers={}, name="", params={}, path={"/{id}"}, produces={}, value={"/{id}"}, version="")]"}
{"timestamp":"2026-07-26 10:28:53", "level":"WARN", "logger":"org.springframework.web.servlet.mvc.method.annotation.RequestMappingHandlerMapping", "message":"Multiple @RequestMapping annotations found on public org.springframework.http.ResponseEntity com.cinema.ticketbooking.movie.controller.MovieController.updateMovie(java.lang.Integer,com.cinema.ticketbooking.dto.MovieDto), but only the first will be used: [@org.springframework.web.bind.annotation.PatchMapping(consumes={}, headers={}, name="", params={}, path={"/{id}"}, produces={}, value={"/{id}"}, version=""), @org.springframework.web.bind.annotation.PutMapping(consumes={}, headers={}, name="", params={}, path={"/{id}"}, produces={}, value={"/{id}"}, version="")]"}
{"timestamp":"2026-07-26 10:28:53", "level":"INFO", "logger":"org.springframework.messaging.simp.broker.SimpleBrokerMessageHandler", "message":"Starting..."}
{"timestamp":"2026-07-26 10:28:53", "level":"INFO", "logger":"org.springframework.messaging.simp.broker.SimpleBrokerMessageHandler", "message":"BrokerAvailabilityEvent[available=true, SimpleBrokerMessageHandler [org.springframework.messaging.simp.broker.DefaultSubscriptionRegistry@5746bd13]]"}
{"timestamp":"2026-07-26 10:28:53", "level":"INFO", "logger":"org.springframework.messaging.simp.broker.SimpleBrokerMessageHandler", "message":"Started."}
{"timestamp":"2026-07-26 10:28:53", "level":"INFO", "logger":"org.apache.coyote.http11.Http11NioProtocol", "message":"Starting ProtocolHandler ["http-nio-8080"]"}
{"timestamp":"2026-07-26 10:28:53", "level":"INFO", "logger":"org.springframework.boot.tomcat.TomcatWebServer", "message":"Tomcat started on port 8080 (http) with context path '/'"}
{"timestamp":"2026-07-26 10:28:53", "level":"INFO", "logger":"com.cinema.ticketbooking.TicketbookingApplication", "message":"Started TicketbookingApplication in 1.561 seconds (process running for 469.96)"}
{"timestamp":"2026-07-26 10:28:53", "level":"INFO", "logger":"org.springframework.boot.devtools.autoconfigure.ConditionEvaluationDeltaLoggingListener", "message":"Condition evaluation unchanged"}
{"timestamp":"2026-07-26 10:28:53", "level":"WARN", "logger":"org.springdoc.core.events.SpringDocAppInitializer", "message":"SpringDoc /v3/api-docs endpoint is enabled by default. To disable it in production, set the property 'springdoc.api-docs.enabled=false'"}
{"timestamp":"2026-07-26 10:28:53", "level":"WARN", "logger":"org.springdoc.core.events.SpringDocAppInitializer", "message":"SpringDoc /swagger-ui.html endpoint is enabled by default. To disable it in production, set the property 'springdoc.swagger-ui.enabled=false'"}
{"timestamp":"2026-07-26 10:28:58", "level":"INFO", "logger":"org.apache.catalina.core.ContainerBase.[Tomcat].[localhost].[/]", "message":"Initializing Spring DispatcherServlet 'dispatcherServlet'"}
{"timestamp":"2026-07-26 10:28:58", "level":"INFO", "logger":"org.springframework.web.servlet.DispatcherServlet", "message":"Initializing Servlet 'dispatcherServlet'"}
{"timestamp":"2026-07-26 10:28:58", "level":"INFO", "logger":"org.springframework.web.servlet.DispatcherServlet", "message":"Completed initialization in 1 ms"}
{"timestamp":"2026-07-26 10:29:21", "level":"INFO", "logger":"org.springframework.boot.devtools.autoconfigure.LocalDevToolsAutoConfiguration$RestartingClassPathChangeChangedEventListener", "message":"Restarting due to 1 class path change (0 additions, 0 deletions, 1 modification)"}
{"timestamp":"2026-07-26 10:29:21", "level":"INFO", "logger":"org.springframework.boot.tomcat.GracefulShutdown", "message":"Commencing graceful shutdown. Waiting for active requests to complete"}
{"timestamp":"2026-07-26 10:29:21", "level":"INFO", "logger":"org.apache.coyote.http11.Http11NioProtocol", "message":"Pausing ProtocolHandler ["http-nio-8080"]"}
{"timestamp":"2026-07-26 10:29:21", "level":"INFO", "logger":"org.springframework.boot.tomcat.GracefulShutdown", "message":"Graceful shutdown complete"}
{"timestamp":"2026-07-26 10:29:21", "level":"INFO", "logger":"org.apache.coyote.http11.Http11NioProtocol", "message":"Stopping ProtocolHandler ["http-nio-8080"]"}
{"timestamp":"2026-07-26 10:29:21", "level":"INFO", "logger":"org.springframework.messaging.simp.broker.SimpleBrokerMessageHandler", "message":"Stopping..."}
{"timestamp":"2026-07-26 10:29:21", "level":"INFO", "logger":"org.springframework.messaging.simp.broker.SimpleBrokerMessageHandler", "message":"BrokerAvailabilityEvent[available=false, SimpleBrokerMessageHandler [org.springframework.messaging.simp.broker.DefaultSubscriptionRegistry@5746bd13]]"}
{"timestamp":"2026-07-26 10:29:21", "level":"INFO", "logger":"org.springframework.messaging.simp.broker.SimpleBrokerMessageHandler", "message":"Stopped."}
{"timestamp":"2026-07-26 10:29:21", "level":"INFO", "logger":"org.springframework.orm.jpa.LocalContainerEntityManagerFactoryBean", "message":"Closing JPA EntityManagerFactory for persistence unit 'default'"}
{"timestamp":"2026-07-26 10:29:21", "level":"INFO", "logger":"com.zaxxer.hikari.HikariDataSource", "message":"HikariPool-3 - Shutdown initiated..."}
{"timestamp":"2026-07-26 10:29:21", "level":"INFO", "logger":"com.zaxxer.hikari.HikariDataSource", "message":"HikariPool-3 - Shutdown completed."}
{"timestamp":"2026-07-26 10:29:21", "level":"INFO", "logger":"com.cinema.ticketbooking.TicketbookingApplication", "message":"Starting TicketbookingApplication using Java 25.0.1 with PID 19162 (/home/shrimp/code/CinemaTicketBooking/CinemaTicketBooking_Backend/ticketbooking/target/classes started by shrimp in /home/shrimp/code/CinemaTicketBooking/CinemaTicketBooking_Backend/ticketbooking)"}
{"timestamp":"2026-07-26 10:29:21", "level":"INFO", "logger":"com.cinema.ticketbooking.TicketbookingApplication", "message":"No active profile set, falling back to 1 default profile: "default""}
{"timestamp":"2026-07-26 10:29:21", "level":"INFO", "logger":"org.springframework.boot.docker.compose.lifecycle.DockerComposeLifecycleManager", "message":"Using Docker Compose file /home/shrimp/code/CinemaTicketBooking/CinemaTicketBooking_Backend/ticketbooking/compose.yaml"}
{"timestamp":"2026-07-26 10:29:21", "level":"INFO", "logger":"org.springframework.boot.docker.compose.lifecycle.DockerComposeLifecycleManager", "message":"There are already Docker Compose services running, skipping startup"}
{"timestamp":"2026-07-26 10:29:21", "level":"INFO", "logger":"org.springframework.data.repository.config.RepositoryConfigurationDelegate", "message":"Bootstrapping Spring Data JPA repositories in DEFAULT mode."}
{"timestamp":"2026-07-26 10:29:21", "level":"INFO", "logger":"org.springframework.data.repository.config.RepositoryConfigurationDelegate", "message":"Finished Spring Data repository scanning in 19 ms. Found 19 JPA repository interfaces."}
{"timestamp":"2026-07-26 10:29:21", "level":"INFO", "logger":"org.springframework.boot.tomcat.TomcatWebServer", "message":"Tomcat initialized with port 8080 (http)"}
{"timestamp":"2026-07-26 10:29:21", "level":"INFO", "logger":"org.apache.coyote.http11.Http11NioProtocol", "message":"Initializing ProtocolHandler ["http-nio-8080"]"}
{"timestamp":"2026-07-26 10:29:21", "level":"INFO", "logger":"org.apache.catalina.core.StandardService", "message":"Starting service [Tomcat]"}
{"timestamp":"2026-07-26 10:29:21", "level":"INFO", "logger":"org.apache.catalina.core.StandardEngine", "message":"Starting Servlet engine: [Apache Tomcat/11.0.22]"}
{"timestamp":"2026-07-26 10:29:21", "level":"INFO", "logger":"org.springframework.boot.web.context.servlet.WebApplicationContextInitializer", "message":"Root WebApplicationContext: initialization completed in 257 ms"}
{"timestamp":"2026-07-26 10:29:21", "level":"INFO", "logger":"org.hibernate.orm.jpa", "message":"HHH008540: Processing PersistenceUnitInfo [name: default]"}
{"timestamp":"2026-07-26 10:29:21", "level":"INFO", "logger":"org.springframework.orm.jpa.persistenceunit.SpringPersistenceUnitInfo", "message":"No LoadTimeWeaver setup: ignoring JPA class transformer"}
{"timestamp":"2026-07-26 10:29:21", "level":"INFO", "logger":"com.zaxxer.hikari.HikariDataSource", "message":"HikariPool-4 - Starting..."}
{"timestamp":"2026-07-26 10:29:21", "level":"INFO", "logger":"com.zaxxer.hikari.pool.HikariPool", "message":"HikariPool-4 - Added connection com.mysql.cj.jdbc.ConnectionImpl@61bff661"}
{"timestamp":"2026-07-26 10:29:21", "level":"INFO", "logger":"com.zaxxer.hikari.HikariDataSource", "message":"HikariPool-4 - Start completed."}
{"timestamp":"2026-07-26 10:29:21", "level":"INFO", "logger":"org.hibernate.orm.connections.pooling", "message":"HHH10001005: Database info:
	Database JDBC URL [jdbc:mysql://127.0.0.1:3306/cinema]
	Database driver: MySQL Connector/J
	Database dialect: MySQLDialect
	Database version: 9.7
	Default catalog/schema: cinema/undefined
	Autocommit mode: undefined/unknown
	Isolation level: REPEATABLE_READ [default REPEATABLE_READ]
	JDBC fetch size: none
	Pool: DataSourceConnectionProvider
	Minimum pool size: undefined/unknown
	Maximum pool size: undefined/unknown"}
{"timestamp":"2026-07-26 10:29:22", "level":"INFO", "logger":"org.hibernate.orm.core", "message":"HHH000489: No JTA platform available (set 'hibernate.transaction.jta.platform' to enable JTA platform integration)"}
{"timestamp":"2026-07-26 10:29:22", "level":"INFO", "logger":"org.springframework.orm.jpa.LocalContainerEntityManagerFactoryBean", "message":"Initialized JPA EntityManagerFactory for persistence unit 'default'"}
{"timestamp":"2026-07-26 10:29:22", "level":"WARN", "logger":"org.springframework.boot.jpa.autoconfigure.JpaBaseConfiguration$JpaWebConfiguration", "message":"spring.jpa.open-in-view is enabled by default. Therefore, database queries may be performed during view rendering. Explicitly configure spring.jpa.open-in-view to disable this warning"}
{"timestamp":"2026-07-26 10:29:22", "level":"INFO", "logger":"org.springframework.security.config.annotation.authentication.configuration.InitializeUserDetailsBeanManagerConfigurer$InitializeUserDetailsManagerConfigurer", "message":"Global AuthenticationManager configured with UserDetailsService bean with name customUserDetailsService"}
{"timestamp":"2026-07-26 10:29:22", "level":"WARN", "logger":"org.springframework.web.servlet.mvc.method.annotation.RequestMappingHandlerMapping", "message":"Multiple @RequestMapping annotations found on public org.springframework.http.ResponseEntity com.cinema.ticketbooking.booking.controller.PaymentMethodController.updatePaymentMethod(java.lang.Integer,com.cinema.ticketbooking.dto.PaymentMethodDto), but only the first will be used: [@org.springframework.web.bind.annotation.PatchMapping(consumes={}, headers={}, name="", params={}, path={"/{id}"}, produces={}, value={"/{id}"}, version=""), @org.springframework.web.bind.annotation.PutMapping(consumes={}, headers={}, name="", params={}, path={"/{id}"}, produces={}, value={"/{id}"}, version="")]"}
{"timestamp":"2026-07-26 10:29:22", "level":"WARN", "logger":"org.springframework.web.servlet.mvc.method.annotation.RequestMappingHandlerMapping", "message":"Multiple @RequestMapping annotations found on public org.springframework.http.ResponseEntity com.cinema.ticketbooking.booking.controller.ShowtimeController.updateShowtime(java.lang.Integer,com.cinema.ticketbooking.dto.requestDto.ShowtimeRequestDto), but only the first will be used: [@org.springframework.web.bind.annotation.PatchMapping(consumes={}, headers={}, name="", params={}, path={"/{id}"}, produces={}, value={"/{id}"}, version=""), @org.springframework.web.bind.annotation.PutMapping(consumes={}, headers={}, name="", params={}, path={"/{id}"}, produces={}, value={"/{id}"}, version="")]"}
{"timestamp":"2026-07-26 10:29:22", "level":"WARN", "logger":"org.springframework.web.servlet.mvc.method.annotation.RequestMappingHandlerMapping", "message":"Multiple @RequestMapping annotations found on public org.springframework.http.ResponseEntity com.cinema.ticketbooking.hall.controller.HallController.updateHall(java.lang.Integer,com.cinema.ticketbooking.dto.requestDto.HallRequestDto), but only the first will be used: [@org.springframework.web.bind.annotation.PatchMapping(consumes={}, headers={}, name="", params={}, path={"/{id}"}, produces={}, value={"/{id}"}, version=""), @org.springframework.web.bind.annotation.PutMapping(consumes={}, headers={}, name="", params={}, path={"/{id}"}, produces={}, value={"/{id}"}, version="")]"}
{"timestamp":"2026-07-26 10:29:22", "level":"WARN", "logger":"org.springframework.web.servlet.mvc.method.annotation.RequestMappingHandlerMapping", "message":"Multiple @RequestMapping annotations found on public org.springframework.http.ResponseEntity com.cinema.ticketbooking.hall.controller.SeatTypeController.updateSeatType(java.lang.Integer,com.cinema.ticketbooking.dto.SeatTypeDto), but only the first will be used: [@org.springframework.web.bind.annotation.PatchMapping(consumes={}, headers={}, name="", params={}, path={"/{id}"}, produces={}, value={"/{id}"}, version=""), @org.springframework.web.bind.annotation.PutMapping(consumes={}, headers={}, name="", params={}, path={"/{id}"}, produces={}, value={"/{id}"}, version="")]"}
{"timestamp":"2026-07-26 10:29:22", "level":"WARN", "logger":"org.springframework.web.servlet.mvc.method.annotation.RequestMappingHandlerMapping", "message":"Multiple @RequestMapping annotations found on public org.springframework.http.ResponseEntity com.cinema.ticketbooking.movie.controller.GenreController.updateGenre(java.lang.Long,com.cinema.ticketbooking.dto.GenreDto), but only the first will be used: [@org.springframework.web.bind.annotation.PatchMapping(consumes={}, headers={}, name="", params={}, path={"/{id}"}, produces={}, value={"/{id}"}, version=""), @org.springframework.web.bind.annotation.PutMapping(consumes={}, headers={}, name="", params={}, path={"/{id}"}, produces={}, value={"/{id}"}, version="")]"}
{"timestamp":"2026-07-26 10:29:22", "level":"WARN", "logger":"org.springframework.web.servlet.mvc.method.annotation.RequestMappingHandlerMapping", "message":"Multiple @RequestMapping annotations found on public org.springframework.http.ResponseEntity com.cinema.ticketbooking.movie.controller.MovieController.updateMovie(java.lang.Integer,com.cinema.ticketbooking.dto.MovieDto), but only the first will be used: [@org.springframework.web.bind.annotation.PatchMapping(consumes={}, headers={}, name="", params={}, path={"/{id}"}, produces={}, value={"/{id}"}, version=""), @org.springframework.web.bind.annotation.PutMapping(consumes={}, headers={}, name="", params={}, path={"/{id}"}, produces={}, value={"/{id}"}, version="")]"}
{"timestamp":"2026-07-26 10:29:22", "level":"INFO", "logger":"org.springframework.messaging.simp.broker.SimpleBrokerMessageHandler", "message":"Starting..."}
{"timestamp":"2026-07-26 10:29:22", "level":"INFO", "logger":"org.springframework.messaging.simp.broker.SimpleBrokerMessageHandler", "message":"BrokerAvailabilityEvent[available=true, SimpleBrokerMessageHandler [org.springframework.messaging.simp.broker.DefaultSubscriptionRegistry@1429fba1]]"}
{"timestamp":"2026-07-26 10:29:22", "level":"INFO", "logger":"org.springframework.messaging.simp.broker.SimpleBrokerMessageHandler", "message":"Started."}
{"timestamp":"2026-07-26 10:29:22", "level":"INFO", "logger":"org.apache.coyote.http11.Http11NioProtocol", "message":"Starting ProtocolHandler ["http-nio-8080"]"}
{"timestamp":"2026-07-26 10:29:22", "level":"INFO", "logger":"org.springframework.boot.tomcat.TomcatWebServer", "message":"Tomcat started on port 8080 (http) with context path '/'"}
{"timestamp":"2026-07-26 10:29:22", "level":"INFO", "logger":"com.cinema.ticketbooking.TicketbookingApplication", "message":"Started TicketbookingApplication in 1.451 seconds (process running for 498.968)"}
{"timestamp":"2026-07-26 10:29:22", "level":"INFO", "logger":"org.springframework.boot.devtools.autoconfigure.ConditionEvaluationDeltaLoggingListener", "message":"Condition evaluation unchanged"}
{"timestamp":"2026-07-26 10:29:22", "level":"WARN", "logger":"org.springdoc.core.events.SpringDocAppInitializer", "message":"SpringDoc /v3/api-docs endpoint is enabled by default. To disable it in production, set the property 'springdoc.api-docs.enabled=false'"}
{"timestamp":"2026-07-26 10:29:22", "level":"WARN", "logger":"org.springdoc.core.events.SpringDocAppInitializer", "message":"SpringDoc /swagger-ui.html endpoint is enabled by default. To disable it in production, set the property 'springdoc.swagger-ui.enabled=false'"}
{"timestamp":"2026-07-26 10:29:40", "level":"INFO", "logger":"org.apache.catalina.core.ContainerBase.[Tomcat].[localhost].[/]", "message":"Initializing Spring DispatcherServlet 'dispatcherServlet'"}
{"timestamp":"2026-07-26 10:29:40", "level":"INFO", "logger":"org.springframework.web.servlet.DispatcherServlet", "message":"Initializing Servlet 'dispatcherServlet'"}
{"timestamp":"2026-07-26 10:29:40", "level":"INFO", "logger":"org.springframework.web.servlet.DispatcherServlet", "message":"Completed initialization in 1 ms"}
{"timestamp":"2026-07-26 10:30:22", "level":"INFO", "logger":"org.springframework.web.socket.config.WebSocketMessageBrokerStats", "message":"WebSocketSession[0 current WS(0)-HttpStream(0)-HttpPoll(0), 0 total, 0 closed abnormally (0 connect failure, 0 send limit, 0 transport error)], stompSubProtocol[processed CONNECT(0)-CONNECTED(0)-DISCONNECT(0)], stompBrokerRelay[null], inboundChannel[pool size = 0, active threads = 0, queued tasks = 0, completed tasks = 0], outboundChannel[pool size = 0, active threads = 0, queued tasks = 0, completed tasks = 0], sockJsScheduler[pool size = 1, active threads = 1, queued tasks = 0, completed tasks = 0]"}
{"timestamp":"2026-07-26 10:30:29", "level":"WARN", "logger":"org.springframework.web.servlet.mvc.method.annotation.ExceptionHandlerExceptionResolver", "message":"Resolved [org.springframework.web.bind.MissingServletRequestParameterException: Required request parameter 'status' for method parameter type String is not present]"}
{"timestamp":"2026-07-26 10:32:00", "level":"INFO", "logger":"org.springframework.boot.devtools.autoconfigure.LocalDevToolsAutoConfiguration$RestartingClassPathChangeChangedEventListener", "message":"Restarting due to 1 class path change (0 additions, 0 deletions, 1 modification)"}
{"timestamp":"2026-07-26 10:32:00", "level":"INFO", "logger":"org.springframework.boot.tomcat.GracefulShutdown", "message":"Commencing graceful shutdown. Waiting for active requests to complete"}
{"timestamp":"2026-07-26 10:32:00", "level":"INFO", "logger":"org.apache.coyote.http11.Http11NioProtocol", "message":"Pausing ProtocolHandler ["http-nio-8080"]"}
{"timestamp":"2026-07-26 10:32:00", "level":"INFO", "logger":"org.springframework.boot.tomcat.GracefulShutdown", "message":"Graceful shutdown complete"}
{"timestamp":"2026-07-26 10:32:00", "level":"INFO", "logger":"org.apache.coyote.http11.Http11NioProtocol", "message":"Stopping ProtocolHandler ["http-nio-8080"]"}
{"timestamp":"2026-07-26 10:32:00", "level":"INFO", "logger":"org.springframework.messaging.simp.broker.SimpleBrokerMessageHandler", "message":"Stopping..."}
{"timestamp":"2026-07-26 10:32:00", "level":"INFO", "logger":"org.springframework.messaging.simp.broker.SimpleBrokerMessageHandler", "message":"BrokerAvailabilityEvent[available=false, SimpleBrokerMessageHandler [org.springframework.messaging.simp.broker.DefaultSubscriptionRegistry@1429fba1]]"}
{"timestamp":"2026-07-26 10:32:00", "level":"INFO", "logger":"org.springframework.messaging.simp.broker.SimpleBrokerMessageHandler", "message":"Stopped."}
{"timestamp":"2026-07-26 10:32:00", "level":"INFO", "logger":"org.springframework.orm.jpa.LocalContainerEntityManagerFactoryBean", "message":"Closing JPA EntityManagerFactory for persistence unit 'default'"}
{"timestamp":"2026-07-26 10:32:00", "level":"INFO", "logger":"com.zaxxer.hikari.HikariDataSource", "message":"HikariPool-4 - Shutdown initiated..."}
{"timestamp":"2026-07-26 10:32:00", "level":"INFO", "logger":"com.zaxxer.hikari.HikariDataSource", "message":"HikariPool-4 - Shutdown completed."}
{"timestamp":"2026-07-26 10:32:00", "level":"INFO", "logger":"com.cinema.ticketbooking.TicketbookingApplication", "message":"Starting TicketbookingApplication using Java 25.0.1 with PID 19162 (/home/shrimp/code/CinemaTicketBooking/CinemaTicketBooking_Backend/ticketbooking/target/classes started by shrimp in /home/shrimp/code/CinemaTicketBooking/CinemaTicketBooking_Backend/ticketbooking)"}
{"timestamp":"2026-07-26 10:32:00", "level":"INFO", "logger":"com.cinema.ticketbooking.TicketbookingApplication", "message":"No active profile set, falling back to 1 default profile: "default""}
{"timestamp":"2026-07-26 10:32:00", "level":"INFO", "logger":"org.springframework.boot.docker.compose.lifecycle.DockerComposeLifecycleManager", "message":"Using Docker Compose file /home/shrimp/code/CinemaTicketBooking/CinemaTicketBooking_Backend/ticketbooking/compose.yaml"}
{"timestamp":"2026-07-26 10:32:01", "level":"INFO", "logger":"org.springframework.boot.docker.compose.lifecycle.DockerComposeLifecycleManager", "message":"There are already Docker Compose services running, skipping startup"}
{"timestamp":"2026-07-26 10:32:01", "level":"INFO", "logger":"org.springframework.data.repository.config.RepositoryConfigurationDelegate", "message":"Bootstrapping Spring Data JPA repositories in DEFAULT mode."}
{"timestamp":"2026-07-26 10:32:01", "level":"INFO", "logger":"org.springframework.data.repository.config.RepositoryConfigurationDelegate", "message":"Finished Spring Data repository scanning in 18 ms. Found 19 JPA repository interfaces."}
{"timestamp":"2026-07-26 10:32:01", "level":"INFO", "logger":"org.springframework.boot.tomcat.TomcatWebServer", "message":"Tomcat initialized with port 8080 (http)"}
{"timestamp":"2026-07-26 10:32:01", "level":"INFO", "logger":"org.apache.coyote.http11.Http11NioProtocol", "message":"Initializing ProtocolHandler ["http-nio-8080"]"}
{"timestamp":"2026-07-26 10:32:01", "level":"INFO", "logger":"org.apache.catalina.core.StandardService", "message":"Starting service [Tomcat]"}
{"timestamp":"2026-07-26 10:32:01", "level":"INFO", "logger":"org.apache.catalina.core.StandardEngine", "message":"Starting Servlet engine: [Apache Tomcat/11.0.22]"}
{"timestamp":"2026-07-26 10:32:01", "level":"INFO", "logger":"org.springframework.boot.web.context.servlet.WebApplicationContextInitializer", "message":"Root WebApplicationContext: initialization completed in 219 ms"}
{"timestamp":"2026-07-26 10:32:01", "level":"INFO", "logger":"org.hibernate.orm.jpa", "message":"HHH008540: Processing PersistenceUnitInfo [name: default]"}
{"timestamp":"2026-07-26 10:32:01", "level":"INFO", "logger":"org.springframework.orm.jpa.persistenceunit.SpringPersistenceUnitInfo", "message":"No LoadTimeWeaver setup: ignoring JPA class transformer"}
{"timestamp":"2026-07-26 10:32:01", "level":"INFO", "logger":"com.zaxxer.hikari.HikariDataSource", "message":"HikariPool-5 - Starting..."}
{"timestamp":"2026-07-26 10:32:01", "level":"INFO", "logger":"com.zaxxer.hikari.pool.HikariPool", "message":"HikariPool-5 - Added connection com.mysql.cj.jdbc.ConnectionImpl@204163f5"}
{"timestamp":"2026-07-26 10:32:01", "level":"INFO", "logger":"com.zaxxer.hikari.HikariDataSource", "message":"HikariPool-5 - Start completed."}
{"timestamp":"2026-07-26 10:32:01", "level":"INFO", "logger":"org.hibernate.orm.connections.pooling", "message":"HHH10001005: Database info:
	Database JDBC URL [jdbc:mysql://127.0.0.1:3306/cinema]
	Database driver: MySQL Connector/J
	Database dialect: MySQLDialect
	Database version: 9.7
	Default catalog/schema: cinema/undefined
	Autocommit mode: undefined/unknown
	Isolation level: REPEATABLE_READ [default REPEATABLE_READ]
	JDBC fetch size: none
	Pool: DataSourceConnectionProvider
	Minimum pool size: undefined/unknown
	Maximum pool size: undefined/unknown"}
{"timestamp":"2026-07-26 10:32:01", "level":"INFO", "logger":"org.hibernate.orm.core", "message":"HHH000489: No JTA platform available (set 'hibernate.transaction.jta.platform' to enable JTA platform integration)"}
{"timestamp":"2026-07-26 10:32:01", "level":"INFO", "logger":"org.springframework.orm.jpa.LocalContainerEntityManagerFactoryBean", "message":"Initialized JPA EntityManagerFactory for persistence unit 'default'"}
{"timestamp":"2026-07-26 10:32:02", "level":"WARN", "logger":"org.springframework.boot.jpa.autoconfigure.JpaBaseConfiguration$JpaWebConfiguration", "message":"spring.jpa.open-in-view is enabled by default. Therefore, database queries may be performed during view rendering. Explicitly configure spring.jpa.open-in-view to disable this warning"}
{"timestamp":"2026-07-26 10:32:02", "level":"INFO", "logger":"org.springframework.security.config.annotation.authentication.configuration.InitializeUserDetailsBeanManagerConfigurer$InitializeUserDetailsManagerConfigurer", "message":"Global AuthenticationManager configured with UserDetailsService bean with name customUserDetailsService"}
{"timestamp":"2026-07-26 10:32:02", "level":"WARN", "logger":"org.springframework.web.servlet.mvc.method.annotation.RequestMappingHandlerMapping", "message":"Multiple @RequestMapping annotations found on public org.springframework.http.ResponseEntity com.cinema.ticketbooking.booking.controller.PaymentMethodController.updatePaymentMethod(java.lang.Integer,com.cinema.ticketbooking.dto.PaymentMethodDto), but only the first will be used: [@org.springframework.web.bind.annotation.PatchMapping(consumes={}, headers={}, name="", params={}, path={"/{id}"}, produces={}, value={"/{id}"}, version=""), @org.springframework.web.bind.annotation.PutMapping(consumes={}, headers={}, name="", params={}, path={"/{id}"}, produces={}, value={"/{id}"}, version="")]"}
{"timestamp":"2026-07-26 10:32:02", "level":"WARN", "logger":"org.springframework.web.servlet.mvc.method.annotation.RequestMappingHandlerMapping", "message":"Multiple @RequestMapping annotations found on public org.springframework.http.ResponseEntity com.cinema.ticketbooking.booking.controller.ShowtimeController.updateShowtime(java.lang.Integer,com.cinema.ticketbooking.dto.requestDto.ShowtimeRequestDto), but only the first will be used: [@org.springframework.web.bind.annotation.PatchMapping(consumes={}, headers={}, name="", params={}, path={"/{id}"}, produces={}, value={"/{id}"}, version=""), @org.springframework.web.bind.annotation.PutMapping(consumes={}, headers={}, name="", params={}, path={"/{id}"}, produces={}, value={"/{id}"}, version="")]"}
{"timestamp":"2026-07-26 10:32:02", "level":"WARN", "logger":"org.springframework.web.servlet.mvc.method.annotation.RequestMappingHandlerMapping", "message":"Multiple @RequestMapping annotations found on public org.springframework.http.ResponseEntity com.cinema.ticketbooking.hall.controller.HallController.updateHall(java.lang.Integer,com.cinema.ticketbooking.dto.requestDto.HallRequestDto), but only the first will be used: [@org.springframework.web.bind.annotation.PatchMapping(consumes={}, headers={}, name="", params={}, path={"/{id}"}, produces={}, value={"/{id}"}, version=""), @org.springframework.web.bind.annotation.PutMapping(consumes={}, headers={}, name="", params={}, path={"/{id}"}, produces={}, value={"/{id}"}, version="")]"}
{"timestamp":"2026-07-26 10:32:02", "level":"WARN", "logger":"org.springframework.web.servlet.mvc.method.annotation.RequestMappingHandlerMapping", "message":"Multiple @RequestMapping annotations found on public org.springframework.http.ResponseEntity com.cinema.ticketbooking.hall.controller.SeatTypeController.updateSeatType(java.lang.Integer,com.cinema.ticketbooking.dto.SeatTypeDto), but only the first will be used: [@org.springframework.web.bind.annotation.PatchMapping(consumes={}, headers={}, name="", params={}, path={"/{id}"}, produces={}, value={"/{id}"}, version=""), @org.springframework.web.bind.annotation.PutMapping(consumes={}, headers={}, name="", params={}, path={"/{id}"}, produces={}, value={"/{id}"}, version="")]"}
{"timestamp":"2026-07-26 10:32:02", "level":"WARN", "logger":"org.springframework.web.servlet.mvc.method.annotation.RequestMappingHandlerMapping", "message":"Multiple @RequestMapping annotations found on public org.springframework.http.ResponseEntity com.cinema.ticketbooking.movie.controller.GenreController.updateGenre(java.lang.Long,com.cinema.ticketbooking.dto.GenreDto), but only the first will be used: [@org.springframework.web.bind.annotation.PatchMapping(consumes={}, headers={}, name="", params={}, path={"/{id}"}, produces={}, value={"/{id}"}, version=""), @org.springframework.web.bind.annotation.PutMapping(consumes={}, headers={}, name="", params={}, path={"/{id}"}, produces={}, value={"/{id}"}, version="")]"}
{"timestamp":"2026-07-26 10:32:02", "level":"WARN", "logger":"org.springframework.web.servlet.mvc.method.annotation.RequestMappingHandlerMapping", "message":"Multiple @RequestMapping annotations found on public org.springframework.http.ResponseEntity com.cinema.ticketbooking.movie.controller.MovieController.updateMovie(java.lang.Integer,com.cinema.ticketbooking.dto.MovieDto), but only the first will be used: [@org.springframework.web.bind.annotation.PatchMapping(consumes={}, headers={}, name="", params={}, path={"/{id}"}, produces={}, value={"/{id}"}, version=""), @org.springframework.web.bind.annotation.PutMapping(consumes={}, headers={}, name="", params={}, path={"/{id}"}, produces={}, value={"/{id}"}, version="")]"}
{"timestamp":"2026-07-26 10:32:02", "level":"INFO", "logger":"org.springframework.messaging.simp.broker.SimpleBrokerMessageHandler", "message":"Starting..."}
{"timestamp":"2026-07-26 10:32:02", "level":"INFO", "logger":"org.springframework.messaging.simp.broker.SimpleBrokerMessageHandler", "message":"BrokerAvailabilityEvent[available=true, SimpleBrokerMessageHandler [org.springframework.messaging.simp.broker.DefaultSubscriptionRegistry@4a138262]]"}
{"timestamp":"2026-07-26 10:32:02", "level":"INFO", "logger":"org.springframework.messaging.simp.broker.SimpleBrokerMessageHandler", "message":"Started."}
{"timestamp":"2026-07-26 10:32:02", "level":"INFO", "logger":"org.apache.coyote.http11.Http11NioProtocol", "message":"Starting ProtocolHandler ["http-nio-8080"]"}
{"timestamp":"2026-07-26 10:32:02", "level":"INFO", "logger":"org.springframework.boot.tomcat.TomcatWebServer", "message":"Tomcat started on port 8080 (http) with context path '/'"}
{"timestamp":"2026-07-26 10:32:02", "level":"INFO", "logger":"com.cinema.ticketbooking.TicketbookingApplication", "message":"Started TicketbookingApplication in 1.33 seconds (process running for 658.402)"}
{"timestamp":"2026-07-26 10:32:02", "level":"INFO", "logger":"org.springframework.boot.devtools.autoconfigure.ConditionEvaluationDeltaLoggingListener", "message":"Condition evaluation unchanged"}
{"timestamp":"2026-07-26 10:32:02", "level":"WARN", "logger":"org.springdoc.core.events.SpringDocAppInitializer", "message":"SpringDoc /v3/api-docs endpoint is enabled by default. To disable it in production, set the property 'springdoc.api-docs.enabled=false'"}
{"timestamp":"2026-07-26 10:32:02", "level":"WARN", "logger":"org.springdoc.core.events.SpringDocAppInitializer", "message":"SpringDoc /swagger-ui.html endpoint is enabled by default. To disable it in production, set the property 'springdoc.swagger-ui.enabled=false'"}
{"timestamp":"2026-07-26 10:32:08", "level":"INFO", "logger":"org.apache.catalina.core.ContainerBase.[Tomcat].[localhost].[/]", "message":"Initializing Spring DispatcherServlet 'dispatcherServlet'"}
{"timestamp":"2026-07-26 10:32:08", "level":"INFO", "logger":"org.springframework.web.servlet.DispatcherServlet", "message":"Initializing Servlet 'dispatcherServlet'"}
{"timestamp":"2026-07-26 10:32:08", "level":"INFO", "logger":"org.springframework.web.servlet.DispatcherServlet", "message":"Completed initialization in 1 ms"}
{"timestamp":"2026-07-26 10:32:08", "level":"WARN", "logger":"org.springframework.web.servlet.mvc.method.annotation.ExceptionHandlerExceptionResolver", "message":"Resolved [org.springframework.security.authorization.AuthorizationDeniedException: Access Denied]"}
{"timestamp":"2026-07-26 10:33:02", "level":"INFO", "logger":"org.springframework.web.socket.config.WebSocketMessageBrokerStats", "message":"WebSocketSession[0 current WS(0)-HttpStream(0)-HttpPoll(0), 0 total, 0 closed abnormally (0 connect failure, 0 send limit, 0 transport error)], stompSubProtocol[processed CONNECT(0)-CONNECTED(0)-DISCONNECT(0)], stompBrokerRelay[null], inboundChannel[pool size = 0, active threads = 0, queued tasks = 0, completed tasks = 0], outboundChannel[pool size = 0, active threads = 0, queued tasks = 0, completed tasks = 0], sockJsScheduler[pool size = 1, active threads = 1, queued tasks = 0, completed tasks = 0]"}
